2026-08-01 21:55:03 OK WiFi=VC-2508-59 -> gateway reachable
2026-08-01 21:55:30 OK WiFi=VC-2508-59 -> gateway reachable
2026-08-01 21:56:36 connectivity lost on 'VC-2508-59' (wired=); attempting roam
2026-08-01 21:56:36 roaming WiFi -> VC-2508-59
2026-08-01 21:56:45 roaming WiFi -> Redmi Note 13 Pro
2026-08-01 21:56:54 WARN: could not establish connectivity on any interface
2026-08-01 21:57:36 connectivity lost on 'Redmi Note 13 Pro' (wired=); attempting roam
2026-08-01 21:57:36 roaming WiFi -> VC-2508-59
2026-08-01 21:57:42 roaming WiFi -> Redmi Note 13 Pro
2026-08-01 21:57:49 WARN: could not establish connectivity on any interface
2026-08-01 21:58:35 OK WiFi=Redmi Note 13 Pro -> internet reachable
2026-08-01 21:59:36 OK WiFi=Redmi Note 13 Pro -> internet reachable
2026-08-01 22:00:44 connectivity lost on 'Redmi Note 13 Pro' (wired=); attempting roam
2026-08-01 22:00:45 roaming WiFi -> VC-2508-59
2026-08-01 22:00:56 roaming WiFi -> Redmi Note 13 Pro
2026-08-01 22:01:05 WARN: could not establish connectivity on any interface
2026-08-01 22:02:01 OK WiFi=Redmi Note 13 Pro -> internet reachable
2026-08-01 22:02:45 OK WiFi=Redmi Note 13 Pro -> internet reachable
2026-08-01 22:03:50 OK WiFi=Redmi Note 13 Pro -> internet reachable
2026-08-01 22:04:50 OK WiFi=Redmi Note 13 Pro -> internet reachable
2026-08-04 14:18:18 OK wired (enp2s0) -> gateway reachable; nothing to do
2026-08-04 14:19:17 OK wired (enp2s0) -> gateway reachable; nothing to do
2026-08-04 14:20:21 OK wired (enp2s0) -> gateway reachable; nothing to do
2026-08-04 14:21:22 OK wired (enp2s0) -> gateway reachable; nothing to do
2026-08-04 14:22:24 OK wired (enp2s0) -> gateway reachable; nothing to do
2026-08-04 14:23:30 OK wired (enp2s0) -> gateway reachable; nothing to do
2026-08-04 14:24:32 OK wired (enp2s0) -> gateway reachable; nothing to do
2026-08-04 14:25:33 OK wired (enp2s0) -> gateway reachable; nothing to do
2026-08-04 14:26:34 OK wired (enp2s0) -> gateway reachable; nothing to do
2026-08-04 14:27:33 OK wired (enp2s0) -> gateway reachable; nothing to do
2026-08-04 14:28:33 OK wired (enp2s0) -> gateway reachable; nothing to do
2026-08-04 14:29:34 OK wired (enp2s0) -> gateway reachable; nothing to do
2026-08-04 14:30:34 OK wired (enp2s0) -> gateway reachable; nothing to do
2026-08-04 14:31:38 OK wired (enp2s0) -> gateway reachable; nothing to do
2026-08-04 14:32:39 OK wired (enp2s0) -> gateway reachable; nothing to do
2026-08-04 14:33:42 OK wired (enp2s0) -> gateway reachable; nothing to do
2026-08-04 14:34:43 OK wired (enp2s0) -> gateway reachable; nothing to do
2026-08-04 14:35:43 OK wired (enp2s0) -> gateway reachable; nothing to do
2026-08-04 14:36:44 OK wired (enp2s0) -> gateway reachable; nothing to do
2026-08-04 14:37:44 OK wired (enp2s0) -> gateway reachable; nothing to do
2026-08-04 14:38:47 OK wired (enp2s0) -> gateway reachable; nothing to do
2026-08-04 14:39:50 OK wired (enp2s0) -> gateway reachable; nothing to do
2026-08-04 14:40:51 OK wired (enp2s0) -> gateway reachable; nothing to do
2026-08-04 14:41:53 OK wired (enp2s0) -> gateway reachable; nothing to do
2026-08-04 14:42:54 OK wired (enp2s0) -> gateway reachable; nothing to do
2026-08-04 14:43:54 OK wired (enp2s0) -> gateway reachable; nothing to do
2026-08-04 14:44:59 OK wired (enp2s0) -> gateway reachable; nothing to do
2026-08-04 14:45:59 OK wired (enp2s0) -> gateway reachable; nothing to do
2026-08-04 14:47:00 OK wired (enp2s0) -> gateway reachable; nothing to do
2026-08-04 14:48:04 OK wired (enp2s0) -> gateway reachable; nothing to do
2026-08-04 14:49:05 OK wired (enp2s0) -> gateway reachable; nothing to do
2026-08-04 14:50:05 OK wired (enp2s0) -> gateway reachable; nothing to do
2026-08-04 14:51:09 OK wired (enp2s0) -> gateway reachable; nothing to do
2026-08-04 14:52:11 OK wired (enp2s0) -> gateway reachable; nothing to do
2026-08-04 14:53:13 OK wired (enp2s0) -> gateway reachable; nothing to do
2026-08-04 14:54:14 OK wired (enp2s0) -> gateway reachable; nothing to do
2026-08-04 14:55:14 OK wired (enp2s0) -> gateway reachable; nothing to do
2026-08-04 14:56:17 OK wired (enp2s0) -> gateway reachable; nothing to do
2026-08-04 14:57:19 OK wired (enp2s0) -> gateway reachable; nothing to do
2026-08-04 14:58:21 OK wired (enp2s0) -> gateway reachable; nothing to do
2026-08-04 14:59:24 OK wired (enp2s0) -> gateway reachable; nothing to do
2026-08-04 15:00:25 OK wired (enp2s0) -> gateway reachable; nothing to do
2026-08-04 15:01:27 OK wired (enp2s0) -> gateway reachable; nothing to do
2026-08-04 15:02:38 OK wired (enp2s0) -> gateway reachable; nothing to do
2026-08-04 15:03:31 OK wired (enp2s0) -> gateway reachable; nothing to do
2026-08-04 15:04:34 OK wired (enp2s0) -> gateway reachable; nothing to do
2026-08-04 15:05:39 OK wired (enp2s0) -> gateway reachable; nothing to do
2026-08-04 15:06:38 OK wired (enp2s0) -> gateway reachable; nothing to do
2026-08-04 15:07:41 OK wired (enp2s0) -> gateway reachable; nothing to do
2026-08-04 15:08:42 OK wired (enp2s0) -> gateway reachable; nothing to do
2026-08-04 15:09:43 OK wired (enp2s0) -> gateway reachable; nothing to do
2026-08-04 15:10:49 OK wired (enp2s0) -> gateway reachable; nothing to do
2026-08-04 15:11:45 OK wired (enp2s0) -> gateway reachable; nothing to do
2026-08-04 15:12:45 OK wired (enp2s0) -> gateway reachable; nothing to do
2026-08-04 15:13:45 OK wired (enp2s0) -> gateway reachable; nothing to do
2026-08-04 15:14:48 OK wired (enp2s0) -> gateway reachable; nothing to do
2026-08-04 15:15:50 OK wired (enp2s0) -> gateway reachable; nothing to do
2026-08-04 15:16:50 OK wired (enp2s0) -> gateway reachable; nothing to do
2026-08-04 15:17:50 OK wired (enp2s0) -> gateway reachable; nothing to do
2026-08-04 15:18:51 OK wired (enp2s0) -> gateway reachable; nothing to do
2026-08-04 15:19:53 OK wired (enp2s0) -> gateway reachable; nothing to do
2026-08-04 15:20:54 OK wired (enp2s0) -> gateway reachable; nothing to do
2026-08-04 15:21:55 OK wired (enp2s0) -> gateway reachable; nothing to do
2026-08-04 15:22:56 OK wired (enp2s0) -> gateway reachable; nothing to do
2026-08-04 15:23:57 OK wired (enp2s0) -> gateway reachable; nothing to do
2026-08-04 15:24:58 OK wired (enp2s0) -> gateway reachable; nothing to do
2026-08-04 15:25:59 OK wired (enp2s0) -> gateway reachable; nothing to do
2026-08-04 15:27:02 OK wired (enp2s0) -> gateway reachable; nothing to do
2026-08-04 15:28:04 OK wired (enp2s0) -> gateway reachable; nothing to do
2026-08-04 15:29:04 OK wired (enp2s0) -> gateway reachable; nothing to do
2026-08-04 15:30:07 OK wired (enp2s0) -> gateway reachable; nothing to do
2026-08-04 15:31:10 OK wired (enp2s0) -> gateway reachable; nothing to do
2026-08-04 15:32:11 OK wired (enp2s0) -> gateway reachable; nothing to do
2026-08-04 15:33:13 OK wired (enp2s0) -> gateway reachable; nothing to do
2026-08-04 15:34:14 OK wired (enp2s0) -> gateway reachable; nothing to do
2026-08-04 15:35:15 OK wired (enp2s0) -> gateway reachable; nothing to do
2026-08-04 15:36:16 OK wired (enp2s0) -> gateway reachable; nothing to do
2026-08-04 15:37:16 OK wired (enp2s0) -> gateway reachable; nothing to do
2026-08-04 15:38:17 OK wired (enp2s0) -> gateway reachable; nothing to do
2026-08-04 15:39:21 OK wired (enp2s0) -> gateway reachable; nothing to do
2026-08-04 15:40:22 OK wired (enp2s0) -> gateway reachable; nothing to do
2026-08-04 15:41:23 OK wired (enp2s0) -> gateway reachable; nothing to do
2026-08-04 15:42:23 OK wired (enp2s0) -> gateway reachable; nothing to do
2026-08-04 15:43:23 OK wired (enp2s0) -> gateway reachable; nothing to do
2026-08-04 15:44:24 OK wired (enp2s0) -> gateway reachable; nothing to do
2026-08-04 15:45:24 OK wired (enp2s0) -> gateway reachable; nothing to do
2026-08-04 15:46:27 OK wired (enp2s0) -> gateway reachable; nothing to do
2026-08-04 15:47:29 OK wired (enp2s0) -> gateway reachable; nothing to do
2026-08-04 15:48:29 OK wired (enp2s0) -> gateway reachable; nothing to do
2026-08-04 15:49:30 OK wired (enp2s0) -> gateway reachable; nothing to do
2026-08-04 15:50:32 OK wired (enp2s0) -> gateway reachable; nothing to do
2026-08-04 15:51:34 OK wired (enp2s0) -> gateway reachable; nothing to do
2026-08-04 15:52:36 OK wired (enp2s0) -> gateway reachable; nothing to do
2026-08-04 15:53:37 OK wired (enp2s0) -> gateway reachable; nothing to do
2026-08-04 15:54:37 OK wired (enp2s0) -> gateway reachable; nothing to do
2026-08-04 15:55:38 OK wired (enp2s0) -> gateway reachable; nothing to do
2026-08-04 15:56:38 OK wired (enp2s0) -> gateway reachable; nothing to do
2026-08-04 15:57:38 OK wired (enp2s0) -> gateway reachable; nothing to do
2026-08-04 15:58:38 OK wired (enp2s0) -> gateway reachable; nothing to do
2026-08-04 15:59:40 OK wired (enp2s0) -> gateway reachable; nothing to do
2026-08-04 16:00:40 OK wired (enp2s0) -> gateway reachable; nothing to do
2026-08-04 16:01:41 OK wired (enp2s0) -> gateway reachable; nothing to do
2026-08-04 16:02:41 OK wired (enp2s0) -> gateway reachable; nothing to do
2026-08-04 16:03:42 OK wired (enp2s0) -> gateway reachable; nothing to do
2026-08-04 16:04:42 OK wired (enp2s0) -> gateway reachable; nothing to do
2026-08-04 16:05:43 OK wired (enp2s0) -> gateway reachable; nothing to do
2026-08-04 16:06:47 OK wired (enp2s0) -> gateway reachable; nothing to do
2026-08-04 16:07:49 OK wired (enp2s0) -> gateway reachable; nothing to do
2026-08-04 16:08:51 OK wired (enp2s0) -> gateway reachable; nothing to do
2026-08-04 16:09:53 OK wired (enp2s0) -> gateway reachable; nothing to do
2026-08-04 16:10:54 OK wired (enp2s0) -> gateway reachable; nothing to do
2026-08-04 16:11:58 OK wired (enp2s0) -> gateway reachable; nothing to do
2026-08-04 16:13:02 OK wired (enp2s0) -> gateway reachable; nothing to do
2026-08-04 16:14:04 OK wired (enp2s0) -> gateway reachable; nothing to do
2026-08-04 16:15:07 OK wired (enp2s0) -> gateway reachable; nothing to do
2026-08-04 16:16:07 OK wired (enp2s0) -> gateway reachable; nothing to do
2026-08-04 16:17:09 OK wired (enp2s0) -> gateway reachable; nothing to do
2026-08-04 16:18:09 OK wired (enp2s0) -> gateway reachable; nothing to do
2026-08-04 16:19:09 OK wired (enp2s0) -> gateway reachable; nothing to do
2026-08-04 16:20:10 OK wired (enp2s0) -> gateway reachable; nothing to do
2026-08-04 16:21:13 OK wired (enp2s0) -> gateway reachable; nothing to do
2026-08-04 16:22:15 OK wired (enp2s0) -> gateway reachable; nothing to do
2026-08-04 16:23:17 OK wired (enp2s0) -> gateway reachable; nothing to do
2026-08-04 16:24:19 OK wired (enp2s0) -> gateway reachable; nothing to do
2026-08-04 16:25:19 OK wired (enp2s0) -> gateway reachable; nothing to do
2026-08-04 16:26:21 OK wired (enp2s0) -> gateway reachable; nothing to do
2026-08-04 16:27:23 OK wired (enp2s0) -> gateway reachable; nothing to do
2026-08-04 16:28:23 OK wired (enp2s0) -> gateway reachable; nothing to do
2026-08-04 16:29:24 OK wired (enp2s0) -> gateway reachable; nothing to do
2026-08-04 16:30:25 OK wired (enp2s0) -> gateway reachable; nothing to do
2026-08-04 16:31:27 OK wired (enp2s0) -> gateway reachable; nothing to do
2026-08-04 16:32:31 OK wired (enp2s0) -> gateway reachable; nothing to do
2026-08-04 16:33:32 OK wired (enp2s0) -> gateway reachable; nothing to do
2026-08-04 16:34:34 OK wired (enp2s0) -> gateway reachable; nothing to do
2026-08-04 16:35:35 OK wired (enp2s0) -> gateway reachable; nothing to do
2026-08-04 16:36:36 OK wired (enp2s0) -> gateway reachable; nothing to do
2026-08-04 16:37:37 OK wired (enp2s0) -> gateway reachable; nothing to do
2026-08-04 16:38:38 OK wired (enp2s0) -> gateway reachable; nothing to do
2026-08-04 16:39:43 OK wired (enp2s0) -> gateway reachable; nothing to do
2026-08-04 16:40:43 OK wired (enp2s0) -> gateway reachable; nothing to do
2026-08-04 16:41:44 OK wired (enp2s0) -> gateway reachable; nothing to do
2026-08-04 16:42:45 OK wired (enp2s0) -> gateway reachable; nothing to do
2026-08-04 16:43:46 OK wired (enp2s0) -> gateway reachable; nothing to do
2026-08-04 16:44:48 OK wired (enp2s0) -> gateway reachable; nothing to do
2026-08-04 16:45:49 OK wired (enp2s0) -> gateway reachable; nothing to do
2026-08-04 16:46:54 OK wired (enp2s0) -> gateway reachable; nothing to do
2026-08-04 16:47:53 OK wired (enp2s0) -> gateway reachable; nothing to do
2026-08-04 16:48:54 OK wired (enp2s0) -> gateway reachable; nothing to do
2026-08-04 16:49:56 OK wired (enp2s0) -> gateway reachable; nothing to do
2026-08-04 16:50:56 OK wired (enp2s0) -> gateway reachable; nothing to do
2026-08-04 16:51:58 OK wired (enp2s0) -> gateway reachable; nothing to do
2026-08-04 16:52:59 OK wired (enp2s0) -> gateway reachable; nothing to do
2026-08-04 16:53:59 OK wired (enp2s0) -> gateway reachable; nothing to do
2026-08-04 16:55:00 OK wired (enp2s0) -> gateway reachable; nothing to do
2026-08-04 16:56:00 OK wired (enp2s0) -> gateway reachable; nothing to do
2026-08-04 16:57:01 OK wired (enp2s0) -> gateway reachable; nothing to do
2026-08-04 16:58:01 OK wired (enp2s0) -> gateway reachable; nothing to do
2026-08-04 16:59:01 OK wired (enp2s0) -> gateway reachable; nothing to do
2026-08-04 17:00:03 OK wired (enp2s0) -> gateway reachable; nothing to do
2026-08-04 17:01:03 OK wired (enp2s0) -> gateway reachable; nothing to do
2026-08-04 17:02:04 OK wired (enp2s0) -> gateway reachable; nothing to do
2026-08-04 17:03:06 OK wired (enp2s0) -> gateway reachable; nothing to do
2026-08-04 17:04:08 OK wired (enp2s0) -> gateway reachable; nothing to do
2026-08-04 17:05:11 OK wired (enp2s0) -> gateway reachable; nothing to do
2026-08-04 17:06:11 OK wired (enp2s0) -> gateway reachable; nothing to do
2026-08-04 17:07:13 OK wired (enp2s0) -> gateway reachable; nothing to do
2026-08-04 17:08:14 OK wired (enp2s0) -> gateway reachable; nothing to do
2026-08-04 17:09:16 OK wired (enp2s0) -> gateway reachable; nothing to do
2026-08-04 17:10:18 OK wired (enp2s0) -> gateway reachable; nothing to do
2026-08-04 17:11:20 OK wired (enp2s0) -> gateway reachable; nothing to do
2026-08-04 17:12:22 OK wired (enp2s0) -> gateway reachable; nothing to do
2026-08-04 17:13:23 OK wired (enp2s0) -> gateway reachable; nothing to do
2026-08-04 17:14:24 OK wired (enp2s0) -> gateway reachable; nothing to do
2026-08-04 17:15:24 OK wired (enp2s0) -> gateway reachable; nothing to do
2026-08-04 17:16:26 OK wired (enp2s0) -> gateway reachable; nothing to do
2026-08-04 17:17:26 OK wired (enp2s0) -> gateway reachable; nothing to do
2026-08-04 17:18:27 OK wired (enp2s0) -> gateway reachable; nothing to do
2026-08-04 17:19:31 OK wired (enp2s0) -> gateway reachable; nothing to do
2026-08-04 17:20:31 OK wired (enp2s0) -> gateway reachable; nothing to do
2026-08-04 17:21:32 OK wired (enp2s0) -> gateway reachable; nothing to do
2026-08-04 17:22:32 OK wired (enp2s0) -> gateway reachable; nothing to do
2026-08-04 17:23:33 OK wired (enp2s0) -> gateway reachable; nothing to do
2026-08-04 17:24:33 OK wired (enp2s0) -> gateway reachable; nothing to do
2026-08-04 17:25:34 OK wired (enp2s0) -> gateway reachable; nothing to do
2026-08-04 17:26:36 OK wired (enp2s0) -> gateway reachable; nothing to do
2026-08-04 17:27:36 OK wired (enp2s0) -> gateway reachable; nothing to do
2026-08-04 17:28:37 OK wired (enp2s0) -> gateway reachable; nothing to do
2026-08-04 17:29:39 OK wired (enp2s0) -> gateway reachable; nothing to do
2026-08-04 17:30:40 OK wired (enp2s0) -> gateway reachable; nothing to do
2026-08-04 17:31:42 OK wired (enp2s0) -> gateway reachable; nothing to do
2026-08-04 17:32:43 OK wired (enp2s0) -> gateway reachable; nothing to do
2026-08-04 17:33:45 OK wired (enp2s0) -> gateway reachable; nothing to do
2026-08-04 17:34:47 OK wired (enp2s0) -> gateway reachable; nothing to do
2026-08-04 17:35:51 OK wired (enp2s0) -> gateway reachable; nothing to do
2026-08-04 17:36:53 OK wired (enp2s0) -> gateway reachable; nothing to do
2026-08-04 17:37:53 OK wired (enp2s0) -> gateway reachable; nothing to do
2026-08-04 17:38:54 OK wired (enp2s0) -> gateway reachable; nothing to do
2026-08-04 17:39:56 OK wired (enp2s0) -> gateway reachable; nothing to do
2026-08-04 17:40:57 OK wired (enp2s0) -> gateway reachable; nothing to do
2026-08-04 17:42:01 OK wired (enp2s0) -> gateway reachable; nothing to do
2026-08-04 17:43:03 OK wired (enp2s0) -> gateway reachable; nothing to do
2026-08-04 17:44:03 OK wired (enp2s0) -> gateway reachable; nothing to do
2026-08-04 17:45:04 OK wired (enp2s0) -> gateway reachable; nothing to do
2026-08-04 17:46:06 OK wired (enp2s0) -> gateway reachable; nothing to do
2026-08-04 17:47:09 OK wired (enp2s0) -> gateway reachable; nothing to do
2026-08-04 17:48:09 OK wired (enp2s0) -> gateway reachable; nothing to do
2026-08-04 17:49:12 OK wired (enp2s0) -> gateway reachable; nothing to do
2026-08-04 17:50:14 OK wired (enp2s0) -> gateway reachable; nothing to do
2026-08-04 17:51:18 OK wired (enp2s0) -> gateway reachable; nothing to do
2026-08-04 17:52:20 OK wired (enp2s0) -> gateway reachable; nothing to do
2026-08-04 17:53:22 OK wired (enp2s0) -> gateway reachable; nothing to do
2026-08-04 17:54:22 OK wired (enp2s0) -> gateway reachable; nothing to do
2026-08-04 17:55:24 OK wired (enp2s0) -> gateway reachable; nothing to do
2026-08-04 17:56:24 OK wired (enp2s0) -> gateway reachable; nothing to do
2026-08-04 17:57:24 OK wired (enp2s0) -> gateway reachable; nothing to do
2026-08-04 17:58:27 OK wired (enp2s0) -> gateway reachable; nothing to do
2026-08-04 17:59:28 OK wired (enp2s0) -> gateway reachable; nothing to do
2026-08-04 18:00:28 OK wired (enp2s0) -> gateway reachable; nothing to do
2026-08-04 18:01:29 OK wired (enp2s0) -> gateway reachable; nothing to do
2026-08-04 18:02:33 OK wired (enp2s0) -> gateway reachable; nothing to do
2026-08-04 18:03:34 OK wired (enp2s0) -> gateway reachable; nothing to do
2026-08-04 18:04:38 OK wired (enp2s0) -> gateway reachable; nothing to do
2026-08-04 18:05:39 OK wired (enp2s0) -> gateway reachable; nothing to do
2026-08-04 18:06:41 OK wired (enp2s0) -> gateway reachable; nothing to do
2026-08-04 18:07:44 OK wired (enp2s0) -> gateway reachable; nothing to do
2026-08-04 18:08:45 OK wired (enp2s0) -> gateway reachable; nothing to do
2026-08-04 18:09:47 OK wired (enp2s0) -> gateway reachable; nothing to do
2026-08-04 18:10:51 OK wired (enp2s0) -> gateway reachable; nothing to do
2026-08-04 18:11:54 OK wired (enp2s0) -> gateway reachable; nothing to do
2026-08-04 18:12:54 OK wired (enp2s0) -> gateway reachable; nothing to do
2026-08-04 18:13:59 OK wired (enp2s0) -> gateway reachable; nothing to do
2026-08-04 18:14:58 OK wired (enp2s0) -> gateway reachable; nothing to do
2026-08-04 18:16:00 OK wired (enp2s0) -> gateway reachable; nothing to do
2026-08-04 18:17:00 OK wired (enp2s0) -> gateway reachable; nothing to do
2026-08-04 18:18:03 OK wired (enp2s0) -> gateway reachable; nothing to do
2026-08-04 18:19:03 OK wired (enp2s0) -> gateway reachable; nothing to do
2026-08-04 18:20:04 OK wired (enp2s0) -> gateway reachable; nothing to do
2026-08-04 18:21:07 OK wired (enp2s0) -> gateway reachable; nothing to do
2026-08-04 18:22:08 OK wired (enp2s0) -> gateway reachable; nothing to do
2026-08-04 18:23:11 OK wired (enp2s0) -> gateway reachable; nothing to do
2026-08-04 18:24:13 OK wired (enp2s0) -> gateway reachable; nothing to do
2026-08-04 18:25:14 OK wired (enp2s0) -> gateway reachable; nothing to do
2026-08-04 18:26:15 OK wired (enp2s0) -> gateway reachable; nothing to do
2026-08-04 18:27:18 OK wired (enp2s0) -> gateway reachable; nothing to do
2026-08-04 18:28:21 OK wired (enp2s0) -> gateway reachable; nothing to do
2026-08-04 18:29:21 OK wired (enp2s0) -> gateway reachable; nothing to do
2026-08-04 18:30:23 OK wired (enp2s0) -> gateway reachable; nothing to do
2026-08-04 18:31:24 OK wired (enp2s0) -> gateway reachable; nothing to do
2026-08-04 18:32:24 OK wired (enp2s0) -> gateway reachable; nothing to do
2026-08-04 18:33:29 OK wired (enp2s0) -> gateway reachable; nothing to do
2026-08-04 18:34:31 OK wired (enp2s0) -> gateway reachable; nothing to do
2026-08-04 18:35:33 OK wired (enp2s0) -> gateway reachable; nothing to do
2026-08-04 18:36:34 OK wired (enp2s0) -> gateway reachable; nothing to do
2026-08-04 18:37:38 OK wired (enp2s0) -> gateway reachable; nothing to do
2026-08-04 18:38:38 OK wired (enp2s0) -> gateway reachable; nothing to do
2026-08-04 18:39:40 OK wired (enp2s0) -> gateway reachable; nothing to do
2026-08-04 18:40:41 OK wired (enp2s0) -> gateway reachable; nothing to do
2026-08-04 18:41:42 OK wired (enp2s0) -> gateway reachable; nothing to do
2026-08-04 18:42:44 OK wired (enp2s0) -> gateway reachable; nothing to do
2026-08-04 18:43:44 OK wired (enp2s0) -> gateway reachable; nothing to do
2026-08-04 18:44:46 OK wired (enp2s0) -> gateway reachable; nothing to do
2026-08-04 18:45:46 OK wired (enp2s0) -> gateway reachable; nothing to do
2026-08-04 18:46:46 OK wired (enp2s0) -> gateway reachable; nothing to do
2026-08-04 18:47:49 OK wired (enp2s0) -> gateway reachable; nothing to do
2026-08-04 18:48:50 OK wired (enp2s0) -> gateway reachable; nothing to do
2026-08-04 18:49:50 OK wired (enp2s0) -> gateway reachable; nothing to do
2026-08-04 18:50:54 OK wired (enp2s0) -> gateway reachable; nothing to do
2026-08-04 18:51:56 OK wired (enp2s0) -> gateway reachable; nothing to do
2026-08-04 18:52:58 OK wired (enp2s0) -> gateway reachable; nothing to do
2026-08-04 18:53:59 OK wired (enp2s0) -> gateway reachable; nothing to do
2026-08-04 18:55:02 OK wired (enp2s0) -> gateway reachable; nothing to do
2026-08-04 18:56:04 OK wired (enp2s0) -> gateway reachable; nothing to do
2026-08-04 18:57:04 OK wired (enp2s0) -> gateway reachable; nothing to do
2026-08-04 18:58:08 OK wired (enp2s0) -> gateway reachable; nothing to do
2026-08-04 18:59:12 OK wired (enp2s0) -> gateway reachable; nothing to do
2026-08-04 19:00:14 OK wired (enp2s0) -> gateway reachable; nothing to do
2026-08-04 19:01:17 OK wired (enp2s0) -> gateway reachable; nothing to do
2026-08-04 19:02:16 OK wired (enp2s0) -> gateway reachable; nothing to do
2026-08-04 19:03:17 OK wired (enp2s0) -> gateway reachable; nothing to do
2026-08-04 19:04:18 OK wired (enp2s0) -> gateway reachable; nothing to do
2026-08-04 19:05:18 OK wired (enp2s0) -> gateway reachable; nothing to do
2026-08-04 19:06:20 OK wired (enp2s0) -> gateway reachable; nothing to do
2026-08-04 19:07:21 OK wired (enp2s0) -> gateway reachable; nothing to do
2026-08-04 19:08:21 OK wired (enp2s0) -> gateway reachable; nothing to do
2026-08-04 19:09:23 OK wired (enp2s0) -> gateway reachable; nothing to do
2026-08-04 19:10:23 OK wired (enp2s0) -> gateway reachable; nothing to do
2026-08-04 19:11:24 OK wired (enp2s0) -> gateway reachable; nothing to do
2026-08-04 19:12:25 OK wired (enp2s0) -> gateway reachable; nothing to do
2026-08-04 19:13:26 OK wired (enp2s0) -> gateway reachable; nothing to do
2026-08-04 19:14:28 OK wired (enp2s0) -> gateway reachable; nothing to do
2026-08-04 19:15:32 OK wired (enp2s0) -> gateway reachable; nothing to do
2026-08-04 19:16:34 OK wired (enp2s0) -> gateway reachable; nothing to do
2026-08-04 19:17:34 OK wired (enp2s0) -> gateway reachable; nothing to do
2026-08-04 19:18:37 OK wired (enp2s0) -> gateway reachable; nothing to do
2026-08-04 19:19:37 OK wired (enp2s0) -> gateway reachable; nothing to do
2026-08-04 19:20:38 OK wired (enp2s0) -> gateway reachable; nothing to do
2026-08-04 19:21:39 OK wired (enp2s0) -> gateway reachable; nothing to do
2026-08-04 19:22:39 OK wired (enp2s0) -> gateway reachable; nothing to do
2026-08-04 19:23:43 OK wired (enp2s0) -> gateway reachable; nothing to do
2026-08-04 19:24:43 OK wired (enp2s0) -> gateway reachable; nothing to do
2026-08-04 19:25:44 OK wired (enp2s0) -> gateway reachable; nothing to do
2026-08-04 19:26:45 OK wired (enp2s0) -> gateway reachable; nothing to do
2026-08-04 19:27:45 OK wired (enp2s0) -> gateway reachable; nothing to do
2026-08-04 19:28:48 OK wired (enp2s0) -> gateway reachable; nothing to do
2026-08-04 19:29:49 OK wired (enp2s0) -> gateway reachable; nothing to do
2026-08-04 19:30:51 OK wired (enp2s0) -> gateway reachable; nothing to do
2026-08-04 19:31:52 OK wired (enp2s0) -> gateway reachable; nothing to do
2026-08-04 19:32:53 OK wired (enp2s0) -> gateway reachable; nothing to do
2026-08-04 19:33:54 OK wired (enp2s0) -> gateway reachable; nothing to do
2026-08-04 19:34:57 OK wired (enp2s0) -> gateway reachable; nothing to do
2026-08-04 19:35:59 OK wired (enp2s0) -> gateway reachable; nothing to do
2026-08-04 19:37:00 OK wired (enp2s0) -> gateway reachable; nothing to do
2026-08-04 19:38:00 OK wired (enp2s0) -> gateway reachable; nothing to do
2026-08-04 19:39:02 OK wired (enp2s0) -> gateway reachable; nothing to do
2026-08-04 19:40:02 OK wired (enp2s0) -> gateway reachable; nothing to do
2026-08-04 19:41:02 OK wired (enp2s0) -> gateway reachable; nothing to do
2026-08-04 19:42:02 OK wired (enp2s0) -> gateway reachable; nothing to do
2026-08-04 19:43:02 OK wired (enp2s0) -> gateway reachable; nothing to do
2026-08-04 19:44:04 OK wired (enp2s0) -> gateway reachable; nothing to do
2026-08-04 19:45:04 OK wired (enp2s0) -> gateway reachable; nothing to do
2026-08-04 19:46:07 OK wired (enp2s0) -> gateway reachable; nothing to do
2026-08-04 19:47:10 OK wired (enp2s0) -> gateway reachable; nothing to do
2026-08-04 19:48:10 OK wired (enp2s0) -> gateway reachable; nothing to do
2026-08-04 19:49:12 OK wired (enp2s0) -> gateway reachable; nothing to do
2026-08-04 19:50:13 OK wired (enp2s0) -> gateway reachable; nothing to do
2026-08-04 19:51:14 OK wired (enp2s0) -> gateway reachable; nothing to do
2026-08-04 19:52:16 OK wired (enp2s0) -> gateway reachable; nothing to do
2026-08-04 19:53:16 OK wired (enp2s0) -> gateway reachable; nothing to do
2026-08-04 19:54:17 OK wired (enp2s0) -> gateway reachable; nothing to do
2026-08-04 19:55:18 OK wired (enp2s0) -> gateway reachable; nothing to do
2026-08-04 19:56:18 OK wired (enp2s0) -> gateway reachable; nothing to do
2026-08-04 19:57:21 OK wired (enp2s0) -> gateway reachable; nothing to do
2026-08-04 19:58:23 OK wired (enp2s0) -> gateway reachable; nothing to do
2026-08-04 19:59:24 OK wired (enp2s0) -> gateway reachable; nothing to do
2026-08-04 20:00:29 OK wired (enp2s0) -> gateway reachable; nothing to do
2026-08-04 20:01:31 OK wired (enp2s0) -> gateway reachable; nothing to do
2026-08-04 20:02:32 OK wired (enp2s0) -> gateway reachable; nothing to do
2026-08-04 20:03:33 OK wired (enp2s0) -> gateway reachable; nothing to do
2026-08-04 20:04:33 OK wired (enp2s0) -> gateway reachable; nothing to do
2026-08-04 20:05:33 OK wired (enp2s0) -> gateway reachable; nothing to do
2026-08-04 20:06:34 OK wired (enp2s0) -> gateway reachable; nothing to do
2026-08-04 20:07:34 OK wired (enp2s0) -> gateway reachable; nothing to do
2026-08-04 20:08:35 OK wired (enp2s0) -> gateway reachable; nothing to do
2026-08-04 20:09:36 OK wired (enp2s0) -> gateway reachable; nothing to do
2026-08-04 20:10:36 OK wired (enp2s0) -> gateway reachable; nothing to do
2026-08-04 20:11:36 OK wired (enp2s0) -> gateway reachable; nothing to do
2026-08-04 20:12:37 OK wired (enp2s0) -> gateway reachable; nothing to do
2026-08-04 20:13:41 OK wired (enp2s0) -> gateway reachable; nothing to do
2026-08-04 20:14:42 OK wired (enp2s0) -> gateway reachable; nothing to do
2026-08-04 20:15:41 OK wired (enp2s0) -> gateway reachable; nothing to do
2026-08-04 20:16:42 OK wired (enp2s0) -> gateway reachable; nothing to do
2026-08-04 20:17:43 OK wired (enp2s0) -> gateway reachable; nothing to do
2026-08-04 20:18:43 OK wired (enp2s0) -> gateway reachable; nothing to do
2026-08-04 20:19:44 OK wired (enp2s0) -> gateway reachable; nothing to do
2026-08-04 20:20:48 OK wired (enp2s0) -> gateway reachable; nothing to do
2026-08-04 20:21:50 OK wired (enp2s0) -> gateway reachable; nothing to do
2026-08-04 20:22:51 OK wired (enp2s0) -> gateway reachable; nothing to do
2026-08-04 20:23:52 OK wired (enp2s0) -> gateway reachable; nothing to do
2026-08-04 20:24:54 OK wired (enp2s0) -> gateway reachable; nothing to do
2026-08-04 20:25:55 OK wired (enp2s0) -> gateway reachable; nothing to do
2026-08-04 20:26:56 OK wired (enp2s0) -> gateway reachable; nothing to do
2026-08-04 20:27:59 OK wired (enp2s0) -> gateway reachable; nothing to do
2026-08-04 20:29:01 OK wired (enp2s0) -> gateway reachable; nothing to do
2026-08-04 20:30:04 OK wired (enp2s0) -> gateway reachable; nothing to do
2026-08-04 20:31:05 OK wired (enp2s0) -> gateway reachable; nothing to do
2026-08-04 20:32:04 OK wired (enp2s0) -> gateway reachable; nothing to do
2026-08-04 20:33:06 OK wired (enp2s0) -> gateway reachable; nothing to do
2026-08-04 20:34:07 OK wired (enp2s0) -> gateway reachable; nothing to do
2026-08-04 20:35:07 OK wired (enp2s0) -> gateway reachable; nothing to do
2026-08-04 20:36:09 OK wired (enp2s0) -> gateway reachable; nothing to do
2026-08-04 20:37:12 OK wired (enp2s0) -> gateway reachable; nothing to do
2026-08-04 20:38:13 OK wired (enp2s0) -> gateway reachable; nothing to do
2026-08-04 20:39:14 OK wired (enp2s0) -> gateway reachable; nothing to do
2026-08-04 20:40:15 OK wired (enp2s0) -> gateway reachable; nothing to do
2026-08-04 20:41:19 OK wired (enp2s0) -> gateway reachable; nothing to do
2026-08-04 20:42:20 OK wired (enp2s0) -> gateway reachable; nothing to do
2026-08-04 20:43:22 OK wired (enp2s0) -> gateway reachable; nothing to do
2026-08-04 20:44:23 OK wired (enp2s0) -> gateway reachable; nothing to do
2026-08-04 20:45:24 OK wired (enp2s0) -> gateway reachable; nothing to do
2026-08-04 20:46:27 OK wired (enp2s0) -> gateway reachable; nothing to do
2026-08-04 20:47:30 OK wired (enp2s0) -> gateway reachable; nothing to do
2026-08-04 20:48:31 OK wired (enp2s0) -> gateway reachable; nothing to do
2026-08-04 20:49:32 OK wired (enp2s0) -> gateway reachable; nothing to do
2026-08-04 20:50:34 OK wired (enp2s0) -> gateway reachable; nothing to do
2026-08-04 20:51:37 OK wired (enp2s0) -> gateway reachable; nothing to do
2026-08-04 20:52:37 OK wired (enp2s0) -> gateway reachable; nothing to do
2026-08-04 20:53:39 OK wired (enp2s0) -> gateway reachable; nothing to do
2026-08-04 20:54:42 OK wired (enp2s0) -> gateway reachable; nothing to do
2026-08-04 20:55:43 OK wired (enp2s0) -> gateway reachable; nothing to do
2026-08-04 20:56:44 OK wired (enp2s0) -> gateway reachable; nothing to do
2026-08-04 20:57:44 OK wired (enp2s0) -> gateway reachable; nothing to do
2026-08-04 20:58:45 OK wired (enp2s0) -> gateway reachable; nothing to do
2026-08-04 20:59:45 OK wired (enp2s0) -> gateway reachable; nothing to do
2026-08-04 21:00:47 OK wired (enp2s0) -> gateway reachable; nothing to do
2026-08-04 21:01:49 OK wired (enp2s0) -> gateway reachable; nothing to do
2026-08-04 21:02:50 OK wired (enp2s0) -> gateway reachable; nothing to do
2026-08-04 21:03:53 OK wired (enp2s0) -> gateway reachable; nothing to do
2026-08-04 21:04:54 OK wired (enp2s0) -> gateway reachable; nothing to do
2026-08-04 21:05:55 OK wired (enp2s0) -> gateway reachable; nothing to do
2026-08-04 21:06:55 OK wired (enp2s0) -> gateway reachable; nothing to do
2026-08-04 21:07:56 OK wired (enp2s0) -> gateway reachable; nothing to do
2026-08-04 21:08:57 OK wired (enp2s0) -> gateway reachable; nothing to do
2026-08-04 21:09:57 OK wired (enp2s0) -> gateway reachable; nothing to do
2026-08-04 21:10:59 OK wired (enp2s0) -> gateway reachable; nothing to do
2026-08-04 21:11:59 OK wired (enp2s0) -> gateway reachable; nothing to do
2026-08-04 21:13:02 OK wired (enp2s0) -> gateway reachable; nothing to do
2026-08-04 21:14:02 OK wired (enp2s0) -> gateway reachable; nothing to do
2026-08-04 21:15:02 OK wired (enp2s0) -> gateway reachable; nothing to do
2026-08-04 21:16:04 OK wired (enp2s0) -> gateway reachable; nothing to do
2026-08-04 21:17:06 OK wired (enp2s0) -> gateway reachable; nothing to do
2026-08-04 21:18:09 OK wired (enp2s0) -> gateway reachable; nothing to do
2026-08-04 21:19:11 OK wired (enp2s0) -> gateway reachable; nothing to do
2026-08-04 21:20:10 OK wired (enp2s0) -> gateway reachable; nothing to do
2026-08-04 21:21:13 OK wired (enp2s0) -> gateway reachable; nothing to do
2026-08-04 21:22:14 OK wired (enp2s0) -> gateway reachable; nothing to do
2026-08-04 21:23:14 OK wired (enp2s0) -> gateway reachable; nothing to do
2026-08-04 21:24:15 OK wired (enp2s0) -> gateway reachable; nothing to do
2026-08-04 21:25:16 OK wired (enp2s0) -> gateway reachable; nothing to do
2026-08-04 21:26:18 OK wired (enp2s0) -> gateway reachable; nothing to do
2026-08-04 21:27:20 OK wired (enp2s0) -> gateway reachable; nothing to do
2026-08-04 21:28:24 OK wired (enp2s0) -> gateway reachable; nothing to do
2026-08-04 21:29:28 OK wired (enp2s0) -> gateway reachable; nothing to do
2026-08-04 21:30:31 OK wired (enp2s0) -> gateway reachable; nothing to do
2026-08-04 21:31:33 OK wired (enp2s0) -> gateway reachable; nothing to do
2026-08-04 21:32:34 OK wired (enp2s0) -> gateway reachable; nothing to do
2026-08-04 21:33:35 OK wired (enp2s0) -> gateway reachable; nothing to do
2026-08-04 21:34:37 OK wired (enp2s0) -> gateway reachable; nothing to do
2026-08-04 21:35:37 OK wired (enp2s0) -> gateway reachable; nothing to do
2026-08-04 21:36:37 OK wired (enp2s0) -> gateway reachable; nothing to do
2026-08-04 21:37:39 OK wired (enp2s0) -> gateway reachable; nothing to do
2026-08-04 21:38:40 OK wired (enp2s0) -> gateway reachable; nothing to do
2026-08-04 21:39:41 OK wired (enp2s0) -> gateway reachable; nothing to do
2026-08-04 21:40:41 OK wired (enp2s0) -> gateway reachable; nothing to do
2026-08-04 21:41:43 OK wired (enp2s0) -> gateway reachable; nothing to do
2026-08-04 21:42:44 OK wired (enp2s0) -> gateway reachable; nothing to do
2026-08-04 21:43:44 OK wired (enp2s0) -> gateway reachable; nothing to do
2026-08-04 21:44:46 OK wired (enp2s0) -> gateway reachable; nothing to do
2026-08-04 21:45:48 OK wired (enp2s0) -> gateway reachable; nothing to do
2026-08-04 21:46:50 OK wired (enp2s0) -> gateway reachable; nothing to do
2026-08-04 21:47:53 OK wired (enp2s0) -> gateway reachable; nothing to do
2026-08-04 21:48:54 OK wired (enp2s0) -> gateway reachable; nothing to do
2026-08-04 21:49:57 OK wired (enp2s0) -> gateway reachable; nothing to do
2026-08-04 21:50:58 OK wired (enp2s0) -> gateway reachable; nothing to do
2026-08-04 21:52:00 OK wired (enp2s0) -> gateway reachable; nothing to do
2026-08-04 21:53:01 OK wired (enp2s0) -> gateway reachable; nothing to do
2026-08-04 21:54:02 OK wired (enp2s0) -> gateway reachable; nothing to do
2026-08-04 21:55:03 OK wired (enp2s0) -> gateway reachable; nothing to do
2026-08-04 21:56:04 OK wired (enp2s0) -> gateway reachable; nothing to do
2026-08-04 21:57:04 OK wired (enp2s0) -> gateway reachable; nothing to do
2026-08-04 21:58:05 OK wired (enp2s0) -> gateway reachable; nothing to do
2026-08-04 21:59:07 OK wired (enp2s0) -> gateway reachable; nothing to do
2026-08-04 22:00:07 OK wired (enp2s0) -> gateway reachable; nothing to do
2026-08-04 22:01:08 OK wired (enp2s0) -> gateway reachable; nothing to do
2026-08-04 22:02:10 OK wired (enp2s0) -> gateway reachable; nothing to do
2026-08-04 22:03:15 OK wired (enp2s0) -> gateway reachable; nothing to do
2026-08-04 22:04:15 OK wired (enp2s0) -> gateway reachable; nothing to do
2026-08-04 22:05:14 OK wired (enp2s0) -> gateway reachable; nothing to do
2026-08-04 22:06:18 OK wired (enp2s0) -> gateway reachable; nothing to do
2026-08-04 22:07:17 OK wired (enp2s0) -> gateway reachable; nothing to do
2026-08-04 22:08:20 OK wired (enp2s0) -> gateway reachable; nothing to do
2026-08-04 22:09:20 OK wired (enp2s0) -> gateway reachable; nothing to do
2026-08-04 22:10:20 OK wired (enp2s0) -> gateway reachable; nothing to do
2026-08-04 22:11:21 OK wired (enp2s0) -> gateway reachable; nothing to do
2026-08-04 22:12:22 OK wired (enp2s0) -> gateway reachable; nothing to do
2026-08-04 22:13:22 OK wired (enp2s0) -> gateway reachable; nothing to do
2026-08-04 22:14:22 OK wired (enp2s0) -> gateway reachable; nothing to do
2026-08-04 22:15:23 OK wired (enp2s0) -> gateway reachable; nothing to do
2026-08-04 22:16:24 OK wired (enp2s0) -> gateway reachable; nothing to do
2026-08-04 22:17:24 OK wired (enp2s0) -> gateway reachable; nothing to do
2026-08-04 22:18:26 OK wired (enp2s0) -> gateway reachable; nothing to do
2026-08-04 22:19:30 connectivity lost on '' (wired=); attempting roam
2026-08-04 22:19:30 roaming WiFi -> VC-2508-59
2026-08-04 22:19:36 roaming WiFi -> Redmi Note 13 Pro
2026-08-04 22:19:42 WARN: could not establish connectivity on any interface
2026-08-04 22:20:30 OK wired (enp2s0) -> gateway reachable; nothing to do
2026-08-04 22:21:33 OK wired (enp2s0) -> gateway reachable; nothing to do
2026-08-04 22:22:34 OK wired (enp2s0) -> gateway reachable; nothing to do
2026-08-04 22:23:36 OK wired (enp2s0) -> gateway reachable; nothing to do
2026-08-04 22:24:38 OK wired (enp2s0) -> gateway reachable; nothing to do
2026-08-04 22:25:40 OK wired (enp2s0) -> gateway reachable; nothing to do
2026-08-04 22:26:44 OK wired (enp2s0) -> gateway reachable; nothing to do
2026-08-04 22:27:44 OK wired (enp2s0) -> gateway reachable; nothing to do
2026-08-04 22:28:44 OK wired (enp2s0) -> gateway reachable; nothing to do
2026-08-04 22:29:47 OK wired (enp2s0) -> gateway reachable; nothing to do
2026-08-04 22:30:51 OK wired (enp2s0) -> gateway reachable; nothing to do
2026-08-04 22:31:53 OK wired (enp2s0) -> gateway reachable; nothing to do
2026-08-04 22:32:54 OK wired (enp2s0) -> gateway reachable; nothing to do
2026-08-04 22:33:56 OK wired (enp2s0) -> gateway reachable; nothing to do
2026-08-04 22:35:00 OK wired (enp2s0) -> gateway reachable; nothing to do
2026-08-04 22:36:04 OK wired (enp2s0) -> gateway reachable; nothing to do
2026-08-04 22:37:04 OK wired (enp2s0) -> gateway reachable; nothing to do
2026-08-04 22:38:05 OK wired (enp2s0) -> gateway reachable; nothing to do
2026-08-04 22:39:07 OK wired (enp2s0) -> gateway reachable; nothing to do
2026-08-04 22:40:10 OK wired (enp2s0) -> gateway reachable; nothing to do
2026-08-04 22:41:13 OK wired (enp2s0) -> gateway reachable; nothing to do
2026-08-04 22:42:13 OK wired (enp2s0) -> gateway reachable; nothing to do
2026-08-04 22:43:14 OK wired (enp2s0) -> gateway reachable; nothing to do
2026-08-04 22:44:18 OK wired (enp2s0) -> gateway reachable; nothing to do
2026-08-04 22:45:21 OK wired (enp2s0) -> gateway reachable; nothing to do
2026-08-04 22:46:22 OK wired (enp2s0) -> gateway reachable; nothing to do
2026-08-04 22:47:24 OK wired (enp2s0) -> gateway reachable; nothing to do
2026-08-04 22:48:26 OK wired (enp2s0) -> gateway reachable; nothing to do
2026-08-04 22:49:29 OK wired (enp2s0) -> gateway reachable; nothing to do
2026-08-04 22:50:30 OK wired (enp2s0) -> gateway reachable; nothing to do
2026-08-04 22:51:34 OK wired (enp2s0) -> gateway reachable; nothing to do
2026-08-04 22:52:37 OK wired (enp2s0) -> gateway reachable; nothing to do
2026-08-04 22:53:38 OK wired (enp2s0) -> gateway reachable; nothing to do
2026-08-04 22:54:38 OK wired (enp2s0) -> gateway reachable; nothing to do
2026-08-04 22:55:39 OK wired (enp2s0) -> gateway reachable; nothing to do
2026-08-04 22:56:43 OK wired (enp2s0) -> gateway reachable; nothing to do
2026-08-04 22:57:44 OK wired (enp2s0) -> gateway reachable; nothing to do
2026-08-04 22:58:46 OK wired (enp2s0) -> gateway reachable; nothing to do
2026-08-04 22:59:50 OK wired (enp2s0) -> gateway reachable; nothing to do
2026-08-04 23:00:53 OK wired (enp2s0) -> gateway reachable; nothing to do
2026-08-04 23:01:58 OK wired (enp2s0) -> gateway reachable; nothing to do
2026-08-04 23:02:54 OK wired (enp2s0) -> gateway reachable; nothing to do
2026-08-04 23:03:57 OK wired (enp2s0) -> gateway reachable; nothing to do
2026-08-04 23:04:59 OK wired (enp2s0) -> gateway reachable; nothing to do
2026-08-04 23:06:04 OK wired (enp2s0) -> gateway reachable; nothing to do
2026-08-04 23:07:06 OK wired (enp2s0) -> gateway reachable; nothing to do
2026-08-04 23:08:08 OK wired (enp2s0) -> gateway reachable; nothing to do
2026-08-04 23:09:12 OK wired (enp2s0) -> gateway reachable; nothing to do
2026-08-04 23:10:12 OK wired (enp2s0) -> gateway reachable; nothing to do
2026-08-04 23:11:14 OK wired (enp2s0) -> gateway reachable; nothing to do
2026-08-04 23:12:15 OK wired (enp2s0) -> gateway reachable; nothing to do
2026-08-04 23:13:15 OK wired (enp2s0) -> gateway reachable; nothing to do
2026-08-04 23:14:19 OK wired (enp2s0) -> gateway reachable; nothing to do
2026-08-04 23:15:22 OK wired (enp2s0) -> gateway reachable; nothing to do
2026-08-04 23:16:23 OK wired (enp2s0) -> gateway reachable; nothing to do
2026-08-04 23:17:24 OK wired (enp2s0) -> gateway reachable; nothing to do
2026-08-04 23:18:28 OK wired (enp2s0) -> gateway reachable; nothing to do
2026-08-04 23:19:32 OK wired (enp2s0) -> gateway reachable; nothing to do
2026-08-04 23:20:34 OK wired (enp2s0) -> gateway reachable; nothing to do
2026-08-04 23:21:37 OK wired (enp2s0) -> gateway reachable; nothing to do
2026-08-04 23:22:37 OK wired (enp2s0) -> gateway reachable; nothing to do
2026-08-04 23:23:38 OK wired (enp2s0) -> gateway reachable; nothing to do
2026-08-04 23:24:40 OK wired (enp2s0) -> gateway reachable; nothing to do
2026-08-04 23:25:42 OK wired (enp2s0) -> gateway reachable; nothing to do
2026-08-04 23:26:44 OK wired (enp2s0) -> gateway reachable; nothing to do
2026-08-04 23:27:47 OK wired (enp2s0) -> gateway reachable; nothing to do
2026-08-04 23:28:50 OK wired (enp2s0) -> gateway reachable; nothing to do
2026-08-04 23:29:54 OK wired (enp2s0) -> gateway reachable; nothing to do
2026-08-04 23:30:55 OK wired (enp2s0) -> gateway reachable; nothing to do
2026-08-04 23:31:57 OK wired (enp2s0) -> gateway reachable; nothing to do
2026-08-04 23:33:01 OK wired (enp2s0) -> gateway reachable; nothing to do
2026-08-04 23:34:03 OK wired (enp2s0) -> gateway reachable; nothing to do
2026-08-04 23:35:04 OK wired (enp2s0) -> gateway reachable; nothing to do
2026-08-04 23:36:10 OK wired (enp2s0) -> gateway reachable; nothing to do
2026-08-04 23:37:12 OK wired (enp2s0) -> gateway reachable; nothing to do
2026-08-04 23:38:14 OK wired (enp2s0) -> gateway reachable; nothing to do
2026-08-04 23:39:14 OK wired (enp2s0) -> gateway reachable; nothing to do
2026-08-04 23:40:15 OK wired (enp2s0) -> gateway reachable; nothing to do
2026-08-04 23:41:15 OK wired (enp2s0) -> gateway reachable; nothing to do
2026-08-04 23:42:19 OK wired (enp2s0) -> gateway reachable; nothing to do
2026-08-04 23:43:22 OK wired (enp2s0) -> gateway reachable; nothing to do
2026-08-04 23:44:24 OK wired (enp2s0) -> gateway reachable; nothing to do
2026-08-04 23:45:27 OK wired (enp2s0) -> gateway reachable; nothing to do
2026-08-04 23:46:29 OK wired (enp2s0) -> gateway reachable; nothing to do
2026-08-04 23:47:36 OK wired (enp2s0) -> gateway reachable; nothing to do
2026-08-04 23:48:34 OK wired (enp2s0) -> gateway reachable; nothing to do
2026-08-04 23:49:38 OK wired (enp2s0) -> gateway reachable; nothing to do
2026-08-04 23:50:41 OK wired (enp2s0) -> gateway reachable; nothing to do
2026-08-04 23:51:41 OK wired (enp2s0) -> gateway reachable; nothing to do
2026-08-04 23:52:44 OK wired (enp2s0) -> gateway reachable; nothing to do
2026-08-04 23:53:48 OK wired (enp2s0) -> gateway reachable; nothing to do
2026-08-04 23:54:44 OK wired (enp2s0) -> gateway reachable; nothing to do
2026-08-04 23:55:45 OK wired (enp2s0) -> gateway reachable; nothing to do
2026-08-04 23:56:46 OK wired (enp2s0) -> gateway reachable; nothing to do
2026-08-04 23:57:46 OK wired (enp2s0) -> gateway reachable; nothing to do
2026-08-04 23:58:48 OK wired (enp2s0) -> gateway reachable; nothing to do
2026-08-04 23:59:51 OK wired (enp2s0) -> gateway reachable; nothing to do
2026-08-05 00:00:51 OK wired (enp2s0) -> gateway reachable; nothing to do
2026-08-05 00:01:50 OK wired (enp2s0) -> gateway reachable; nothing to do
2026-08-05 00:02:55 OK wired (enp2s0) -> gateway reachable; nothing to do
2026-08-05 00:03:55 OK wired (enp2s0) -> gateway reachable; nothing to do
2026-08-05 00:04:57 OK wired (enp2s0) -> gateway reachable; nothing to do
2026-08-05 00:06:01 OK wired (enp2s0) -> gateway reachable; nothing to do
2026-08-05 00:07:03 OK wired (enp2s0) -> gateway reachable; nothing to do
2026-08-05 00:08:03 OK wired (enp2s0) -> gateway reachable; nothing to do
2026-08-05 00:09:03 OK wired (enp2s0) -> gateway reachable; nothing to do
2026-08-05 00:10:04 OK wired (enp2s0) -> gateway reachable; nothing to do
2026-08-05 00:11:05 OK wired (enp2s0) -> gateway reachable; nothing to do
2026-08-05 00:12:07 OK wired (enp2s0) -> gateway reachable; nothing to do
2026-08-05 00:13:10 OK wired (enp2s0) -> gateway reachable; nothing to do
2026-08-05 00:14:12 OK wired (enp2s0) -> gateway reachable; nothing to do
2026-08-05 00:15:14 OK wired (enp2s0) -> gateway reachable; nothing to do
2026-08-05 00:16:14 OK wired (enp2s0) -> gateway reachable; nothing to do
2026-08-05 00:17:19 OK wired (enp2s0) -> gateway reachable; nothing to do
2026-08-05 00:18:22 OK wired (enp2s0) -> gateway reachable; nothing to do
2026-08-05 00:19:22 OK wired (enp2s0) -> gateway reachable; nothing to do
2026-08-05 00:20:22 OK wired (enp2s0) -> gateway reachable; nothing to do
2026-08-05 00:21:23 OK wired (enp2s0) -> gateway reachable; nothing to do
2026-08-05 00:22:24 OK wired (enp2s0) -> gateway reachable; nothing to do
2026-08-05 00:23:25 OK wired (enp2s0) -> gateway reachable; nothing to do
2026-08-05 00:24:25 OK wired (enp2s0) -> gateway reachable; nothing to do
2026-08-05 00:25:26 OK wired (enp2s0) -> gateway reachable; nothing to do
2026-08-05 00:26:27 OK wired (enp2s0) -> gateway reachable; nothing to do
2026-08-05 00:27:27 OK wired (enp2s0) -> gateway reachable; nothing to do
2026-08-05 00:28:29 OK wired (enp2s0) -> gateway reachable; nothing to do
2026-08-05 00:29:32 OK wired (enp2s0) -> gateway reachable; nothing to do
2026-08-05 00:30:32 OK wired (enp2s0) -> gateway reachable; nothing to do
2026-08-05 00:31:34 OK wired (enp2s0) -> gateway reachable; nothing to do
2026-08-05 00:32:34 OK wired (enp2s0) -> gateway reachable; nothing to do
2026-08-05 00:33:37 OK wired (enp2s0) -> gateway reachable; nothing to do
2026-08-05 00:34:40 OK wired (enp2s0) -> gateway reachable; nothing to do
2026-08-05 00:35:41 OK wired (enp2s0) -> gateway reachable; nothing to do
2026-08-05 00:36:42 OK wired (enp2s0) -> gateway reachable; nothing to do
2026-08-05 00:37:43 OK wired (enp2s0) -> gateway reachable; nothing to do
2026-08-05 00:38:44 OK wired (enp2s0) -> gateway reachable; nothing to do
2026-08-05 00:39:44 OK wired (enp2s0) -> gateway reachable; nothing to do
2026-08-05 00:40:46 OK wired (enp2s0) -> gateway reachable; nothing to do
2026-08-05 00:41:47 OK wired (enp2s0) -> gateway reachable; nothing to do
2026-08-05 00:42:48 OK wired (enp2s0) -> gateway reachable; nothing to do
2026-08-05 00:43:49 OK wired (enp2s0) -> gateway reachable; nothing to do
2026-08-05 00:44:52 OK wired (enp2s0) -> gateway reachable; nothing to do
2026-08-05 00:45:55 OK wired (enp2s0) -> gateway reachable; nothing to do
2026-08-05 00:46:54 OK wired (enp2s0) -> gateway reachable; nothing to do
2026-08-05 00:48:08 OK wired (enp2s0) -> gateway reachable; nothing to do
2026-08-05 00:49:04 OK wired (enp2s0) -> gateway reachable; nothing to do
2026-08-05 00:50:04 OK wired (enp2s0) -> gateway reachable; nothing to do
2026-08-05 00:51:06 OK wired (enp2s0) -> gateway reachable; nothing to do
2026-08-05 00:52:07 OK wired (enp2s0) -> gateway reachable; nothing to do
2026-08-05 00:53:09 OK wired (enp2s0) -> gateway reachable; nothing to do
2026-08-05 00:54:11 OK wired (enp2s0) -> gateway reachable; nothing to do
2026-08-05 00:55:10 OK wired (enp2s0) -> gateway reachable; nothing to do
2026-08-05 00:56:14 OK wired (enp2s0) -> gateway reachable; nothing to do
2026-08-05 00:57:16 OK wired (enp2s0) -> gateway reachable; nothing to do
2026-08-05 00:58:20 OK wired (enp2s0) -> gateway reachable; nothing to do
2026-08-05 00:59:22 OK wired (enp2s0) -> gateway reachable; nothing to do
2026-08-05 01:00:23 OK wired (enp2s0) -> gateway reachable; nothing to do
2026-08-05 01:01:23 OK wired (enp2s0) -> gateway reachable; nothing to do
2026-08-05 01:02:24 OK wired (enp2s0) -> gateway reachable; nothing to do
2026-08-05 01:03:25 OK wired (enp2s0) -> gateway reachable; nothing to do
2026-08-05 01:04:25 OK wired (enp2s0) -> gateway reachable; nothing to do
2026-08-05 01:05:27 OK wired (enp2s0) -> gateway reachable; nothing to do
2026-08-05 01:06:35 OK wired (enp2s0) -> gateway reachable; nothing to do
2026-08-05 01:07:34 OK wired (enp2s0) -> gateway reachable; nothing to do
2026-08-05 01:08:34 OK wired (enp2s0) -> gateway reachable; nothing to do
2026-08-05 01:09:35 OK wired (enp2s0) -> gateway reachable; nothing to do
2026-08-05 01:10:35 OK wired (enp2s0) -> gateway reachable; nothing to do
2026-08-05 01:11:35 OK wired (enp2s0) -> gateway reachable; nothing to do
2026-08-05 01:12:38 OK wired (enp2s0) -> gateway reachable; nothing to do
2026-08-05 01:13:41 OK wired (enp2s0) -> gateway reachable; nothing to do
2026-08-05 01:14:41 OK wired (enp2s0) -> gateway reachable; nothing to do
2026-08-05 01:15:43 OK wired (enp2s0) -> gateway reachable; nothing to do
2026-08-05 01:16:44 OK wired (enp2s0) -> gateway reachable; nothing to do
2026-08-05 01:17:45 OK wired (enp2s0) -> gateway reachable; nothing to do
2026-08-05 01:18:47 OK wired (enp2s0) -> gateway reachable; nothing to do
2026-08-05 01:19:49 OK wired (enp2s0) -> gateway reachable; nothing to do
2026-08-05 01:20:51 OK wired (enp2s0) -> gateway reachable; nothing to do
2026-08-05 01:21:52 OK wired (enp2s0) -> gateway reachable; nothing to do
2026-08-05 01:22:53 OK wired (enp2s0) -> gateway reachable; nothing to do
2026-08-05 01:24:04 OK wired (enp2s0) -> gateway reachable; nothing to do
2026-08-05 01:24:58 OK wired (enp2s0) -> gateway reachable; nothing to do
2026-08-05 01:25:59 OK wired (enp2s0) -> gateway reachable; nothing to do
2026-08-05 01:26:59 OK wired (enp2s0) -> gateway reachable; nothing to do
2026-08-05 01:28:05 OK wired (enp2s0) -> gateway reachable; nothing to do
2026-08-05 01:29:04 OK wired (enp2s0) -> gateway reachable; nothing to do
2026-08-05 01:30:04 OK wired (enp2s0) -> gateway reachable; nothing to do
2026-08-05 01:31:05 OK wired (enp2s0) -> gateway reachable; nothing to do
2026-08-05 01:32:09 OK wired (enp2s0) -> gateway reachable; nothing to do
2026-08-05 01:33:11 OK wired (enp2s0) -> gateway reachable; nothing to do
2026-08-05 01:34:12 OK wired (enp2s0) -> gateway reachable; nothing to do
2026-08-05 01:35:13 OK wired (enp2s0) -> gateway reachable; nothing to do
2026-08-05 01:36:14 OK wired (enp2s0) -> gateway reachable; nothing to do
2026-08-05 01:37:15 OK wired (enp2s0) -> gateway reachable; nothing to do
2026-08-05 01:38:17 OK wired (enp2s0) -> gateway reachable; nothing to do
2026-08-05 01:39:22 OK wired (enp2s0) -> gateway reachable; nothing to do
2026-08-05 01:40:23 OK wired (enp2s0) -> gateway reachable; nothing to do
2026-08-05 01:41:23 OK wired (enp2s0) -> gateway reachable; nothing to do
2026-08-05 01:42:24 OK wired (enp2s0) -> gateway reachable; nothing to do
2026-08-05 01:43:25 OK wired (enp2s0) -> gateway reachable; nothing to do
2026-08-05 01:44:27 OK wired (enp2s0) -> gateway reachable; nothing to do
2026-08-05 01:45:26 OK wired (enp2s0) -> gateway reachable; nothing to do
2026-08-05 01:46:32 OK wired (enp2s0) -> gateway reachable; nothing to do
2026-08-05 01:47:33 OK wired (enp2s0) -> gateway reachable; nothing to do
2026-08-05 01:48:34 OK wired (enp2s0) -> gateway reachable; nothing to do
2026-08-05 01:49:34 OK wired (enp2s0) -> gateway reachable; nothing to do
2026-08-05 01:50:47 OK wired (enp2s0) -> gateway reachable; nothing to do
2026-08-05 01:51:43 OK wired (enp2s0) -> gateway reachable; nothing to do
2026-08-05 01:52:37 OK wired (enp2s0) -> gateway reachable; nothing to do
2026-08-05 01:53:37 OK wired (enp2s0) -> gateway reachable; nothing to do
2026-08-05 01:54:37 OK wired (enp2s0) -> gateway reachable; nothing to do
2026-08-05 01:55:50 OK wired (enp2s0) -> gateway reachable; nothing to do
2026-08-05 01:56:47 OK wired (enp2s0) -> gateway reachable; nothing to do
2026-08-05 01:58:02 OK wired (enp2s0) -> gateway reachable; nothing to do
2026-08-05 01:58:54 OK wired (enp2s0) -> gateway reachable; nothing to do
2026-08-05 02:00:05 OK wired (enp2s0) -> gateway reachable; nothing to do
2026-08-05 02:01:00 OK wired (enp2s0) -> gateway reachable; nothing to do
